==92340== Memcheck, a memory error detector
==92340== Copyright (C) 2002-2024, and GNU GPL'd, by Julian Seward et al.
==92340== Using Valgrind-3.26.0-218cee2feb-20251024 and LibVEX; rerun with -h for copyright info
==92340== Command: ./campusguard
==92340== Parent PID: 91985
==92340== 
--92340-- 
--92340-- Valgrind options:
--92340--    --leak-check=full
--92340--    --show-leak-kinds=all
--92340--    --track-origins=yes
--92340--    --verbose
--92340--    --log-file=valgrind.log
--92340-- Contents of /proc/version:
--92340--   Linux version 5.15.167.4-microsoft-standard-WSL2 (root@f9c826d3017f) (gcc (GCC) 11.2.0, GNU ld (GNU Binutils) 2.37) #1 SMP Tue Nov 5 00:21:55 UTC 2024
--92340-- 
--92340-- Arch and hwcaps: AMD64, LittleEndian, amd64-cx16-lzcnt-rdtscp-sse3-ssse3-avx-avx2-bmi-f16c-rdrand-rdseed-fma
--92340-- Page sizes: currently 4096, max supported 4096
--92340-- Valgrind library directory: /snap/valgrind/181/usr/libexec/valgrind
--92340-- Reading syms from /home/ameltonkhoza/COS214/COS214_Practical_5-main/campusguard
--92340-- Reading syms from /usr/lib/x86_64-linux-gnu/ld-linux-x86-64.so.2
--92340--   Considering /usr/lib/debug/.build-id/0d/77dbd4379bf0b5af3e05be7fb6af1e4cea7c96.debug ..
--92340--   .. build-id is valid
--92340-- Reading syms from /snap/valgrind/181/usr/libexec/valgrind/memcheck-amd64-linux
--92340--    object doesn't have a dynamic symbol table
--92340-- Scheduler: using generic scheduler lock implementation.
--92340-- Reading suppressions file: /snap/valgrind/181/usr/libexec/valgrind/default.supp
==92340== embedded gdbserver: reading from /tmp/vgdb-pipe-from-vgdb-to-92340-by-ameltonkhoza-on-???
==92340== embedded gdbserver: writing to   /tmp/vgdb-pipe-to-vgdb-from-92340-by-ameltonkhoza-on-???
==92340== embedded gdbserver: shared mem   /tmp/vgdb-pipe-shared-mem-vgdb-92340-by-ameltonkhoza-on-???
==92340== 
==92340== TO CONTROL THIS PROCESS USING vgdb (which you probably
==92340== don't want to do, unless you know exactly what you're doing,
==92340== or are doing some strange experiment):
==92340==   /snap/valgrind/181/usr/libexec/valgrind/../../bin/vgdb --pid=92340 ...command...
==92340== 
==92340== TO DEBUG THIS PROCESS USING GDB: start GDB like this
==92340==   /path/to/gdb ./campusguard
==92340== and then give GDB the following command
==92340==   target remote | /snap/valgrind/181/usr/libexec/valgrind/../../bin/vgdb --pid=92340
==92340== --pid is optional if only one valgrind process is running
==92340== 
--92340-- REDIR: 0x4040b00 (ld-linux-x86-64.so.2:strlen) redirected to 0x58227ce6 (vgPlain_amd64_linux_REDIR_FOR_strlen)
--92340-- REDIR: 0x403f4e0 (ld-linux-x86-64.so.2:strcmp) redirected to 0x58227d00 (vgPlain_amd64_linux_REDIR_FOR_strcmp)
--92340-- REDIR: 0x403f2b0 (ld-linux-x86-64.so.2:index) redirected to 0x58227d39 (vgPlain_amd64_linux_REDIR_FOR_index)
--92340-- REDIR: 0x403e640 (ld-linux-x86-64.so.2:bcmp) redirected to 0x58227d1b (vgPlain_amd64_linux_REDIR_FOR_memcmp)
--92340-- Reading syms from /snap/valgrind/181/usr/libexec/valgrind/vgpreload_core-amd64-linux.so
--92340-- Reading syms from /snap/valgrind/181/usr/libexec/valgrind/vgpreload_memcheck-amd64-linux.so
==92340== WARNING: new redirection conflicts with existing -- ignoring it
--92340--     old: 0x0403f4e0 (strcmp              ) R-> (0000.0) 0x58227d00 vgPlain_amd64_linux_REDIR_FOR_strcmp
--92340--     new: 0x0403f4e0 (strcmp              ) R-> (2016.0) 0x04869780 strcmp
==92340== WARNING: new redirection conflicts with existing -- ignoring it
--92340--     old: 0x04040b00 (strlen              ) R-> (0000.0) 0x58227ce6 vgPlain_amd64_linux_REDIR_FOR_strlen
--92340--     new: 0x04040b00 (strlen              ) R-> (2007.0) 0x04868530 strlen
--92340-- REDIR: 0x403e910 (ld-linux-x86-64.so.2:mempcpy) redirected to 0x486cff0 (mempcpy)
--92340-- Reading syms from /usr/lib/x86_64-linux-gnu/libstdc++.so.6.0.33
--92340-- Reading syms from /usr/lib/x86_64-linux-gnu/libgcc_s.so.1
--92340-- Reading syms from /usr/lib/x86_64-linux-gnu/libc.so.6
--92340--   Considering /usr/lib/debug/.build-id/a4/a7992a8e66555c8141ab2a08a8465ff6e0ea65.debug ..
--92340--   .. build-id is valid
--92340-- Reading syms from /usr/lib/x86_64-linux-gnu/libm.so.6
--92340-- REDIR: 0x4040ca0 (ld-linux-x86-64.so.2:strncmp) redirected to 0x4868fb0 (strncmp)
--92340-- REDIR: 0x4bdb150 (libc.so.6:strnlen) redirected to 0x48551ba (_vgnU_ifunc_wrapper)
--92340-- REDIR: 0x4bdb1e0 (libc.so.6:strpbrk) redirected to 0x48551ba (_vgnU_ifunc_wrapper)
--92340-- REDIR: 0x4bd92a0 (libc.so.6:strcmp) redirected to 0x48551ba (_vgnU_ifunc_wrapper)
--92340-- REDIR: 0x4bf24b0 (libc.so.6:wcsnlen) redirected to 0x48551ba (_vgnU_ifunc_wrapper)
--92340-- REDIR: 0x4bd8390 (libc.so.6:memset) redirected to 0x48551ba (_vgnU_ifunc_wrapper)
--92340-- REDIR: 0x4bf1c20 (libc.so.6:wcslen) redirected to 0x48551ba (_vgnU_ifunc_wrapper)
--92340-- REDIR: 0x4c5d650 (libc.so.6:__memcpy_chk) redirected to 0x48551ba (_vgnU_ifunc_wrapper)
--92340-- REDIR: 0x4bd8300 (libc.so.6:memrchr) redirected to 0x48551ba (_vgnU_ifunc_wrapper)
--92340-- REDIR: 0x4bf2450 (libc.so.6:wcsncpy) redirected to 0x48551ba (_vgnU_ifunc_wrapper)
--92340-- REDIR: 0x4bd7820 (libc.so.6:memcpy@@GLIBC_2.14) redirected to 0x48551ba (_vgnU_ifunc_wrapper)
--92340-- REDIR: 0x4bf09e0 (libc.so.6:wcschr) redirected to 0x48551ba (_vgnU_ifunc_wrapper)
--92340-- REDIR: 0x4bd9190 (libc.so.6:index) redirected to 0x48551ba (_vgnU_ifunc_wrapper)
--92340-- REDIR: 0x4bdb210 (libc.so.6:rindex) redirected to 0x48551ba (_vgnU_ifunc_wrapper)
--92340-- REDIR: 0x4bf0a90 (libc.so.6:wcscmp) redirected to 0x48551ba (_vgnU_ifunc_wrapper)
--92340-- REDIR: 0x4bd85b0 (libc.so.6:stpncpy) redirected to 0x48551ba (_vgnU_ifunc_wrapper)
--92340-- REDIR: 0x4bfefb0 (libc.so.6:wmemchr) redirected to 0x48551ba (_vgnU_ifunc_wrapper)
--92340-- REDIR: 0x4bdaff0 (libc.so.6:strncmp) redirected to 0x48551ba (_vgnU_ifunc_wrapper)
--92340-- REDIR: 0x4bd8610 (libc.so.6:strcasecmp) redirected to 0x48551ba (_vgnU_ifunc_wrapper)
--92340-- REDIR: 0x4bda410 (libc.so.6:strcspn) redirected to 0x48551ba (_vgnU_ifunc_wrapper)
--92340-- REDIR: 0x4bf19f0 (libc.so.6:wcscpy) redirected to 0x48551ba (_vgnU_ifunc_wrapper)
--92340-- REDIR: 0x4bd9120 (libc.so.6:strcat) redirected to 0x48551ba (_vgnU_ifunc_wrapper)
--92340-- REDIR: 0x4bdaef0 (libc.so.6:strncasecmp_l) redirected to 0x48551ba (_vgnU_ifunc_wrapper)
--92340-- REDIR: 0x4bd9210 (libc.so.6:strchrnul) redirected to 0x48551ba (_vgnU_ifunc_wrapper)
--92340-- REDIR: 0x4bd7730 (libc.so.6:bcmp) redirected to 0x48551ba (_vgnU_ifunc_wrapper)
--92340-- REDIR: 0x4bda3a0 (libc.so.6:strcpy) redirected to 0x48551ba (_vgnU_ifunc_wrapper)
--92340-- REDIR: 0x4bd86b0 (libc.so.6:strcasecmp_l) redirected to 0x48551ba (_vgnU_ifunc_wrapper)
--92340-- REDIR: 0x4bdadc0 (libc.so.6:strlen) redirected to 0x48551ba (_vgnU_ifunc_wrapper)
--92340-- REDIR: 0x4bdb090 (libc.so.6:strncpy) redirected to 0x48551ba (_vgnU_ifunc_wrapper)
--92340-- REDIR: 0x4bff030 (libc.so.6:wmemcmp) redirected to 0x48551ba (_vgnU_ifunc_wrapper)
--92340-- REDIR: 0x4c5d770 (libc.so.6:__memmove_chk) redirected to 0x48551ba (_vgnU_ifunc_wrapper)
==92340== WARNING: new redirection conflicts with existing -- ignoring it
--92340--     old: 0x04caed50 (__memcpy_chk_avx_una) R-> (2030.0) 0x0486d0f0 __memcpy_chk
--92340--     new: 0x04caed50 (__memcpy_chk_avx_una) R-> (2024.0) 0x0486ca60 __memmove_chk
--92340-- REDIR: 0x4bd8540 (libc.so.6:stpcpy) redirected to 0x48551ba (_vgnU_ifunc_wrapper)
--92340-- REDIR: 0x4bd80c0 (libc.so.6:memmove) redirected to 0x48551ba (_vgnU_ifunc_wrapper)
==92340== Preferring higher priority redirection:
--92340--     old: 0x04caed80 (__memcpy_avx_unalign) R-> (2018.0) 0x0486a8a0 __memcpy_avx_unaligned_erms
--92340--     new: 0x04caed80 (__memcpy_avx_unalign) R-> (2018.1) 0x0486c080 memmove
--92340-- REDIR: 0x4bd76b0 (libc.so.6:memchr) redirected to 0x48551ba (_vgnU_ifunc_wrapper)
--92340-- REDIR: 0x4bdb3e0 (libc.so.6:strspn) redirected to 0x48551ba (_vgnU_ifunc_wrapper)
--92340-- REDIR: 0x4bf0420 (libc.so.6:wcpncpy) redirected to 0x48551ba (_vgnU_ifunc_wrapper)
--92340-- REDIR: 0x4bd81e0 (libc.so.6:mempcpy) redirected to 0x48551ba (_vgnU_ifunc_wrapper)
--92340-- REDIR: 0x4bdae50 (libc.so.6:strncasecmp) redirected to 0x48551ba (_vgnU_ifunc_wrapper)
--92340-- REDIR: 0x4cb3970 (libc.so.6:__strrchr_avx2) redirected to 0x4867db0 (rindex)
--92340-- REDIR: 0x4cb1ac0 (libc.so.6:__strlen_avx2) redirected to 0x4868410 (strlen)
--92340-- REDIR: 0x4cae620 (libc.so.6:__memcmp_avx2_movbe) redirected to 0x486b7a0 (bcmp)
--92340-- REDIR: 0x4cb2ba0 (libc.so.6:__strncmp_avx2) redirected to 0x4868dd0 (strncmp)
--92340-- REDIR: 0x4bd3750 (libc.so.6:malloc) redirected to 0x485e799 (malloc)
--92340-- REDIR: 0x4caed80 (libc.so.6:__memcpy_avx_unaligned_erms) redirected to 0x486c080 (memmove)
--92340-- REDIR: 0x49358e0 (libstdc++.so.6:operator new(unsigned long)) redirected to 0x485ef23 (operator new(unsigned long))
--92340-- REDIR: 0x49338a0 (libstdc++.so.6:operator delete(void*)) redirected to 0x486280c (operator delete(void*))
--92340-- REDIR: 0x4caed40 (libc.so.6:__mempcpy_avx_unaligned_erms) redirected to 0x486cbf0 (mempcpy)
--92340-- REDIR: 0x4cb1310 (libc.so.6:__strcmp_avx2) redirected to 0x4869680 (strcmp)
--92340-- REDIR: 0x4bd3e30 (libc.so.6:free) redirected to 0x4861aba (free)
==92340== 
==92340== HEAP SUMMARY:
==92340==     in use at exit: 0 bytes in 0 blocks
==92340==   total heap usage: 205 allocs, 205 frees, 83,679 bytes allocated
==92340== 
==92340== All heap blocks were freed -- no leaks are possible
==92340== 
==92340== ERROR SUMMARY: 0 errors from 0 contexts (suppressed: 0 from 0)
